[31168:13164:0511/092215.507:WARNING:chrome_main_delegate.cc(745)] This is Chrome version 128.0.6613.138 (not a warning)
[31168:13164:0511/092219.103:ERROR:os_crypt_win.cc(100)] Failed to decrypt: Key not valid for use in specified state. (0x8009000B)
[31168:19884:0511/092219.395:ERROR:google_update_settings.cc(265)] Failed opening key Software\Chromium to set usagestats; result: 5
[31168:13164:0511/092221.112:WARNING:account_consistency_mode_manager.cc(77)] Desktop Identity Consistency cannot be enabled as no OAuth client ID and client secret have been configured.
[31168:30004:0511/092448.257:WARNING:leveldb_database.cc(141)] Unable to open C:\Users\audre\OneDrive - West Allegheny School District\2d 3d animation\Unreal Projects\GitHub\new\Saved\webcache_6613\Default\shared_proto_db\metadata: IO error: C:\Users\audre\OneDrive - West Allegheny School District\2d 3d animation\Unreal Projects\GitHub\new\Saved\webcache_6613\Default\shared_proto_db\metadata/MANIFEST-000001: Unable to create sequential file (ChromeMethodBFE: 7::NewSequentialFile::1)
[31168:30004:0511/092448.262:WARNING:leveldb_database.cc(141)] Unable to open C:\Users\audre\OneDrive - West Allegheny School District\2d 3d animation\Unreal Projects\GitHub\new\Saved\webcache_6613\Default\shared_proto_db\metadata: IO error: C:\Users\audre\OneDrive - West Allegheny School District\2d 3d animation\Unreal Projects\GitHub\new\Saved\webcache_6613\Default\shared_proto_db\metadata/MANIFEST-000001: Unable to create sequential file (ChromeMethodBFE: 7::NewSequentialFile::1)
[31168:30004:0511/092448.264:WARNING:leveldb_database.cc(141)] Unable to open C:\Users\audre\OneDrive - West Allegheny School District\2d 3d animation\Unreal Projects\GitHub\new\Saved\webcache_6613\Default\shared_proto_db\metadata: IO error: C:\Users\audre\OneDrive - West Allegheny School District\2d 3d animation\Unreal Projects\GitHub\new\Saved\webcache_6613\Default\shared_proto_db\metadata/MANIFEST-000001: Unable to create sequential file (ChromeMethodBFE: 7::NewSequentialFile::1)
[31168:30004:0511/092448.265:WARNING:leveldb_database.cc(141)] Unable to open C:\Users\audre\OneDrive - West Allegheny School District\2d 3d animation\Unreal Projects\GitHub\new\Saved\webcache_6613\Default\shared_proto_db\metadata: IO error: C:\Users\audre\OneDrive - West Allegheny School District\2d 3d animation\Unreal Projects\GitHub\new\Saved\webcache_6613\Default\shared_proto_db\metadata/MANIFEST-000001: Unable to create sequential file (ChromeMethodBFE: 7::NewSequentialFile::1)
[31168:13164:0511/092450.895:ERROR:network_service_instance_impl.cc(608)] Network service crashed, restarting service.
[31168:19884:0511/092456.738:WARNING:value_store_frontend.cc(47)] Reading ahfgeienlihckogmohjhadlkjgocpleb.alarms from  failed: IO error: .../MANIFEST-000001: Unable to create sequential file (ChromeMethodBFE: 7::NewSequentialFile::1)
[31168:19884:0511/092456.741:WARNING:value_store_frontend.cc(47)] Reading mhjfbmdgcfjbbpaeojofohoefgiehjai.alarms from  failed: IO error: .../MANIFEST-000001: Unable to create sequential file (ChromeMethodBFE: 7::NewSequentialFile::1)
[15324:4476:0511/092457.094:ERROR:ssl_client_socket_impl.cc(882)] handshake failed; returned -1, SSL error code 1, net_error -100
[15324:4476:0511/092457.111:ERROR:ssl_client_socket_impl.cc(882)] handshake failed; returned -1, SSL error code 1, net_error -100
[15324:4476:0511/092457.130:ERROR:ssl_client_socket_impl.cc(882)] handshake failed; returned -1, SSL error code 1, net_error -100
[15324:4476:0511/092457.142:ERROR:ssl_client_socket_impl.cc(882)] handshake failed; returned -1, SSL error code 1, net_error -100
[31168:17676:0511/092457.304:ERROR:cast_crl.cc(443)] CRL - Verification failed.
[31168:17676:0511/092502.478:ERROR:cast_crl.cc(443)] CRL - Verification failed.
[15324:4476:0511/092505.288:ERROR:ssl_client_socket_impl.cc(882)] handshake failed; returned -1, SSL error code 1, net_error -107
[15324:4476:0511/092510.228:ERROR:ssl_client_socket_impl.cc(882)] handshake failed; returned -1, SSL error code 1, net_error -100
[15324:4476:0511/092518.186:ERROR:ssl_client_socket_impl.cc(882)] handshake failed; returned -1, SSL error code 1, net_error -107
[31168:13164:0511/093926.185:WARNING:pref_notifier_impl.cc(41)] Pref observer for media_router.cast_allow_all_ips found at shutdown.
