[25008:26712:0303/103242.137:WARNING:chrome_main_delegate.cc(745)] This is Chrome version 128.0.6613.138 (not a warning)
[25008:26400:0303/103242.613:ERROR:google_update_settings.cc(265)] Failed opening key Software\Chromium to set usagestats; result: 5
[25008:26712:0303/103242.810:WARNING:account_consistency_mode_manager.cc(77)] Desktop Identity Consistency cannot be enabled as no OAuth client ID and client secret have been configured.
[25008:26712:0303/103318.827:ERROR:network_service_instance_impl.cc(608)] Network service crashed, restarting service.
[25008:14080:0303/103327.672:ERROR:crx_installer.cc(957)] Could not load javascript 'content_scripts/embeddedpdfs/embedded-pdf-touch-point-event-listener.js' for script. efaidnbmnnnibpcajpcglclefindmkaj 
[25008:26712:0303/103327.678:WARNING:load_error_reporter.cc(72)] Extension error: Could not load javascript 'content_scripts/embeddedpdfs/embedded-pdf-touch-point-event-listener.js' for script.
[12704:16656:0303/103338.172:WARNING:chrome_main_delegate.cc(745)] This is Chrome version 128.0.6613.138 (not a warning)
[12704:10048:0303/103338.289:ERROR:google_update_settings.cc(265)] Failed opening key Software\Chromium to set usagestats; result: 5
[12704:16656:0303/103338.325:WARNING:account_consistency_mode_manager.cc(77)] Desktop Identity Consistency cannot be enabled as no OAuth client ID and client secret have been configured.
[21536:24512:0303/103341.856:WARNING:chrome_main_delegate.cc(745)] This is Chrome version 128.0.6613.138 (not a warning)
[21536:16772:0303/103342.555:ERROR:google_update_settings.cc(265)] Failed opening key Software\Chromium to set usagestats; result: 5
[21536:24512:0303/103342.580:WARNING:account_consistency_mode_manager.cc(77)] Desktop Identity Consistency cannot be enabled as no OAuth client ID and client secret have been configured.
[12704:16656:0303/103416.568:ERROR:network_service_instance_impl.cc(608)] Network service crashed, restarting service.
[12704:10048:0303/103418.538:WARNING:value_store_frontend.cc(47)] Reading ahfgeienlihckogmohjhadlkjgocpleb.alarms from  failed: IO error: .../MANIFEST-000001: Unable to create sequential file (ChromeMethodBFE: 7::NewSequentialFile::4)
[12704:10048:0303/103418.547:WARNING:value_store_frontend.cc(47)] Reading mhjfbmdgcfjbbpaeojofohoefgiehjai.alarms from  failed: IO error: .../MANIFEST-000001: Unable to create sequential file (ChromeMethodBFE: 7::NewSequentialFile::4)
[21536:24512:0303/103420.320:ERROR:network_service_instance_impl.cc(608)] Network service crashed, restarting service.
[21536:16772:0303/103447.408:ERROR:crx_installer.cc(957)] Could not load javascript 'content_scripts/embeddedpdfs/embedded-pdf-touch-point-event-listener.js' for script. efaidnbmnnnibpcajpcglclefindmkaj 
[21536:24512:0303/103447.422:WARNING:load_error_reporter.cc(72)] Extension error: Could not load javascript 'content_scripts/embeddedpdfs/embedded-pdf-touch-point-event-listener.js' for script.
[12704:10048:0303/103447.654:ERROR:crx_installer.cc(957)] Could not load javascript 'content_scripts/embeddedpdfs/embedded-pdf-touch-point-event-listener.js' for script. efaidnbmnnnibpcajpcglclefindmkaj 
[12704:16656:0303/103447.706:WARNING:load_error_reporter.cc(72)] Extension error: Could not load javascript 'content_scripts/embeddedpdfs/embedded-pdf-touch-point-event-listener.js' for script.
[12704:16656:0303/103921.226:WARNING:pref_notifier_impl.cc(41)] Pref observer for media_router.cast_allow_all_ips found at shutdown.
[21536:24512:0303/103921.440:WARNING:pref_notifier_impl.cc(41)] Pref observer for media_router.cast_allow_all_ips found at shutdown.
[25008:26712:0303/103921.585:WARNING:pref_notifier_impl.cc(41)] Pref observer for media_router.cast_allow_all_ips found at shutdown.
