[7460:18868:0326/084533.714:WARNING:chrome_main_delegate.cc(745)] This is Chrome version 128.0.6613.138 (not a warning)
[7460:11172:0326/084534.276:ERROR:google_update_settings.cc(265)] Failed opening key Software\Chromium to set usagestats; result: 5
[7460:18868:0326/084534.515:WARNING:account_consistency_mode_manager.cc(77)] Desktop Identity Consistency cannot be enabled as no OAuth client ID and client secret have been configured.
[7460:728:0326/084557.468:WARNING:leveldb_database.cc(141)] Unable to open C:\Users\audre\OneDrive\hs\GenomeTracker\Saved\webcache_6613\Default\shared_proto_db\metadata: IO error: C:\Users\audre\OneDrive\hs\GenomeTracker\Saved\webcache_6613\Default\shared_proto_db\metadata/MANIFEST-000001: Unable to create sequential file (ChromeMethodBFE: 7::NewSequentialFile::1)
[7460:728:0326/084557.474:WARNING:leveldb_database.cc(141)] Unable to open C:\Users\audre\OneDrive\hs\GenomeTracker\Saved\webcache_6613\Default\shared_proto_db\metadata: IO error: C:\Users\audre\OneDrive\hs\GenomeTracker\Saved\webcache_6613\Default\shared_proto_db\metadata/MANIFEST-000001: Unable to create sequential file (ChromeMethodBFE: 7::NewSequentialFile::1)
[7460:728:0326/084557.476:WARNING:leveldb_database.cc(141)] Unable to open C:\Users\audre\OneDrive\hs\GenomeTracker\Saved\webcache_6613\Default\shared_proto_db\metadata: IO error: C:\Users\audre\OneDrive\hs\GenomeTracker\Saved\webcache_6613\Default\shared_proto_db\metadata/MANIFEST-000001: Unable to create sequential file (ChromeMethodBFE: 7::NewSequentialFile::1)
[7460:728:0326/084557.478:WARNING:leveldb_database.cc(141)] Unable to open C:\Users\audre\OneDrive\hs\GenomeTracker\Saved\webcache_6613\Default\shared_proto_db\metadata: IO error: C:\Users\audre\OneDrive\hs\GenomeTracker\Saved\webcache_6613\Default\shared_proto_db\metadata/MANIFEST-000001: Unable to create sequential file (ChromeMethodBFE: 7::NewSequentialFile::1)
[7460:18868:0326/084557.819:WARNING:external_registry_loader_win.cc(232)] Error observing HKLM: 5
[7460:14764:0326/084602.254:WARNING:leveldb_database.cc(141)] Unable to open C:\Users\audre\OneDrive\hs\GenomeTracker\Saved\webcache_6613\Default\GCM Store\Encryption: IO error: C:\Users\audre\OneDrive\hs\GenomeTracker\Saved\webcache_6613\Default\GCM Store\Encryption/MANIFEST-000001: Unable to create sequential file (ChromeMethodBFE: 7::NewSequentialFile::1)
[7460:11172:0326/084609.718:WARNING:value_store_frontend.cc(47)] Reading ahfgeienlihckogmohjhadlkjgocpleb.alarms from  failed: IO error: .../MANIFEST-000001: Unable to create sequential file (ChromeMethodBFE: 7::NewSequentialFile::1)
[7460:11172:0326/084609.722:WARNING:value_store_frontend.cc(47)] Reading mhjfbmdgcfjbbpaeojofohoefgiehjai.alarms from  failed: IO error: .../MANIFEST-000001: Unable to create sequential file (ChromeMethodBFE: 7::NewSequentialFile::1)
[32052:27816:0326/084610.868:WARNING:frame_impl.cc(430)] virtual CefFrameImpl::SendProcessMessage sent to detached frame 5-2F557F6269B8A9785ECEAF89D9CA8DF8 will be ignored
[7460:28404:0326/084611.985:ERROR:cast_crl.cc(443)] CRL - Verification failed.
[7460:18868:0326/085147.970:ERROR:device_event_log_impl.cc(196)] [08:51:47.931] USB: usb_service_win.cc:105 SetupDiGetDeviceProperty({{A45C254E-DF1C-4EFD-8020-67D146A850E0}, 6}) failed: Element not found. (0x490)
[19272:21604:0326/085202.765:ERROR:ssl_client_socket_impl.cc(882)] handshake failed; returned -1, SSL error code 1, net_error -100
[19272:21604:0326/085202.991:ERROR:ssl_client_socket_impl.cc(882)] handshake failed; returned -1, SSL error code 1, net_error -100
[19272:21604:0326/085217.819:ERROR:ssl_client_socket_impl.cc(882)] handshake failed; returned -1, SSL error code 1, net_error -107
[19272:21604:0326/085231.011:ERROR:ssl_client_socket_impl.cc(882)] handshake failed; returned -1, SSL error code 1, net_error -107
[7460:18868:0326/085246.942:WARNING:page_discarding_helper.cc(138)] Discarding multiple pages with target (kb): 0
[7460:18868:0326/085358.312:WARNING:pref_notifier_impl.cc(41)] Pref observer for media_router.cast_allow_all_ips found at shutdown.
