[13340:12672:0223/195203.243:WARNING:chrome_main_delegate.cc(745)] This is Chrome version 128.0.6613.138 (not a warning)
[13340:12672:0223/195203.316:ERROR:os_crypt_win.cc(100)] Failed to decrypt: Key not valid for use in specified state. (0x8009000B)
[13340:19208:0223/195203.384:ERROR:google_update_settings.cc(265)] Failed opening key Software\Chromium to set usagestats; result: 5
[13340:12672:0223/195203.445:WARNING:account_consistency_mode_manager.cc(77)] Desktop Identity Consistency cannot be enabled as no OAuth client ID and client secret have been configured.
[25236:22448:0223/195208.308:WARNING:frame_impl.cc(430)] virtual CefFrameImpl::SendProcessMessage sent to detached frame 5-0EE123E53A968793BBC84E5E49677863 will be ignored
[13340:12488:0223/195208.791:WARNING:browser_info.cc(345)] Returning a speculative frame for [8,9]
[13340:12672:0223/195209.059:WARNING:browser_info.cc(345)] Returning a speculative frame for [9,9]
[13340:12672:0223/195209.059:WARNING:browser_info.cc(345)] Returning a speculative frame for [9,9]
[13340:12672:0223/195209.059:WARNING:browser_info.cc(345)] Returning a speculative frame for [9,9]
[13340:12672:0223/195209.059:WARNING:browser_info.cc(345)] Returning a speculative frame for [9,9]
[13340:12488:0223/195209.064:WARNING:browser_info.cc(345)] Returning a speculative frame for [9,9]
[25348:10384:0223/195211.042:ERROR:ssl_client_socket_impl.cc(882)] handshake failed; returned -1, SSL error code 1, net_error -107
[25348:10384:0223/195211.061:ERROR:ssl_client_socket_impl.cc(882)] handshake failed; returned -1, SSL error code 1, net_error -100
[25348:10384:0223/195221.142:ERROR:ssl_client_socket_impl.cc(882)] handshake failed; returned -1, SSL error code 1, net_error -107
[25348:10384:0223/195230.592:ERROR:ssl_client_socket_impl.cc(882)] handshake failed; returned -1, SSL error code 1, net_error -100
[5128:4420:0223/195416.784:ERROR:shared_image_manager.cc(224)] SharedImageManager::ProduceSkia: Trying to Produce a Skia representation from a non-existent mailbox.
[5128:4420:0223/195416.785:ERROR:shared_image_manager.cc(224)] SharedImageManager::ProduceSkia: Trying to Produce a Skia representation from a non-existent mailbox.
[25348:22600:0223/195417.196:ERROR:backend_impl.cc(989)] Critical error found -8
[25348:22600:0223/195417.196:WARNING:storage_block-inl.h(138)] Failed data load.
[25348:22600:0223/195417.196:WARNING:storage_block-inl.h(138)] Failed data load.
[25348:22600:0223/195417.196:WARNING:storage_block-inl.h(138)] Failed data load.
[25348:22600:0223/195417.196:ERROR:entry_impl.cc(1029)] No file for c103005a
[25348:22600:0223/195417.196:WARNING:storage_block-inl.h(138)] Failed data load.
[25348:22600:0223/195417.196:ERROR:entry_impl.cc(1029)] No file for c1030060
[25348:22600:0223/195417.197:WARNING:storage_block-inl.h(138)] Failed data load.
[13340:12672:0223/201739.215:WARNING:pref_notifier_impl.cc(41)] Pref observer for media_router.cast_allow_all_ips found at shutdown.
