[19492:9612:0326/092218.669:WARNING:chrome_main_delegate.cc(745)] This is Chrome version 128.0.6613.138 (not a warning)
[19492:9612:0326/092218.672:ERROR:persistent_memory_allocator.cc(908)] Corruption detected in shared-memory segment.
[19492:29936:0326/092218.927:ERROR:google_update_settings.cc(265)] Failed opening key Software\Chromium to set usagestats; result: 5
[19492:9612:0326/092219.012:WARNING:account_consistency_mode_manager.cc(77)] Desktop Identity Consistency cannot be enabled as no OAuth client ID and client secret have been configured.
[19492:19316:0326/092229.562:WARNING:leveldb_database.cc(141)] Unable to open C:\Users\audre\OneDrive\hs\GenomeTracker\Saved\webcache_6613\Default\shared_proto_db\metadata: IO error: C:\Users\audre\OneDrive\hs\GenomeTracker\Saved\webcache_6613\Default\shared_proto_db\metadata/MANIFEST-000001: Unable to create sequential file (ChromeMethodBFE: 7::NewSequentialFile::1)
[19492:19316:0326/092229.565:WARNING:leveldb_database.cc(141)] Unable to open C:\Users\audre\OneDrive\hs\GenomeTracker\Saved\webcache_6613\Default\shared_proto_db\metadata: IO error: C:\Users\audre\OneDrive\hs\GenomeTracker\Saved\webcache_6613\Default\shared_proto_db\metadata/MANIFEST-000001: Unable to create sequential file (ChromeMethodBFE: 7::NewSequentialFile::1)
[19492:19316:0326/092229.567:WARNING:leveldb_database.cc(141)] Unable to open C:\Users\audre\OneDrive\hs\GenomeTracker\Saved\webcache_6613\Default\shared_proto_db\metadata: IO error: C:\Users\audre\OneDrive\hs\GenomeTracker\Saved\webcache_6613\Default\shared_proto_db\metadata/MANIFEST-000001: Unable to create sequential file (ChromeMethodBFE: 7::NewSequentialFile::1)
[19492:19316:0326/092229.568:WARNING:leveldb_database.cc(141)] Unable to open C:\Users\audre\OneDrive\hs\GenomeTracker\Saved\webcache_6613\Default\shared_proto_db\metadata: IO error: C:\Users\audre\OneDrive\hs\GenomeTracker\Saved\webcache_6613\Default\shared_proto_db\metadata/MANIFEST-000001: Unable to create sequential file (ChromeMethodBFE: 7::NewSequentialFile::1)
[19492:9612:0326/092230.179:WARNING:external_registry_loader_win.cc(232)] Error observing HKLM: 5
[19492:5308:0326/092232.990:WARNING:leveldb_database.cc(141)] Unable to open C:\Users\audre\OneDrive\hs\GenomeTracker\Saved\webcache_6613\Default\GCM Store\Encryption: IO error: C:\Users\audre\OneDrive\hs\GenomeTracker\Saved\webcache_6613\Default\GCM Store\Encryption/MANIFEST-000001: Unable to create sequential file (ChromeMethodBFE: 7::NewSequentialFile::1)
[19492:32808:0326/092235.193:WARNING:value_store_frontend.cc(47)] Reading ahfgeienlihckogmohjhadlkjgocpleb.alarms from  failed: IO error: .../MANIFEST-000001: Unable to create sequential file (ChromeMethodBFE: 7::NewSequentialFile::1)
[19492:32808:0326/092235.195:WARNING:value_store_frontend.cc(47)] Reading mhjfbmdgcfjbbpaeojofohoefgiehjai.alarms from  failed: IO error: .../MANIFEST-000001: Unable to create sequential file (ChromeMethodBFE: 7::NewSequentialFile::1)
[5020:4656:0326/092235.855:ERROR:ssl_client_socket_impl.cc(882)] handshake failed; returned -1, SSL error code 1, net_error -100
[19492:8052:0326/092236.046:ERROR:cast_crl.cc(443)] CRL - Verification failed.
[1256:13316:0326/092236.536:WARNING:frame_impl.cc(430)] virtual CefFrameImpl::SendProcessMessage sent to detached frame 5-64147932C7773DF63FAB4671E66FF2F6 will be ignored
[5020:4656:0326/092246.539:ERROR:ssl_client_socket_impl.cc(882)] handshake failed; returned -1, SSL error code 1, net_error -107
[5020:4656:0326/092303.808:ERROR:ssl_client_socket_impl.cc(882)] handshake failed; returned -1, SSL error code 1, net_error -107
[5020:4656:0326/092434.786:ERROR:ssl_client_socket_impl.cc(882)] handshake failed; returned -1, SSL error code 1, net_error -100
[5020:4656:0326/092435.426:ERROR:ssl_client_socket_impl.cc(882)] handshake failed; returned -1, SSL error code 1, net_error -100
[5020:4656:0326/092448.193:ERROR:ssl_client_socket_impl.cc(882)] handshake failed; returned -1, SSL error code 1, net_error -100
[19492:9612:0326/092500.105:WARNING:pref_notifier_impl.cc(41)] Pref observer for media_router.cast_allow_all_ips found at shutdown.
