[5320:3488:0209/112741.032:WARNING:chrome_main_delegate.cc(745)] This is Chrome version 128.0.6613.138 (not a warning)
[5320:3488:0209/112741.244:ERROR:os_crypt_win.cc(100)] Failed to decrypt: Key not valid for use in specified state. (0x8009000B)
[5320:17652:0209/112741.438:ERROR:google_update_settings.cc(265)] Failed opening key Software\Chromium to set usagestats; result: 5
[5320:3488:0209/112741.623:WARNING:account_consistency_mode_manager.cc(77)] Desktop Identity Consistency cannot be enabled as no OAuth client ID and client secret have been configured.
[9024:23544:0209/112758.224:WARNING:frame_impl.cc(430)] virtual CefFrameImpl::SendProcessMessage sent to detached frame 5-0E36A80749864C6B503F67AD9AF68B49 will be ignored
[5216:23804:0209/112758.467:WARNING:backend_impl.cc(1764)] Destroying invalid entry.
[5216:23804:0209/112758.531:ERROR:backend_impl.cc(989)] Critical error found -8
[5216:23804:0209/112758.531:WARNING:storage_block-inl.h(138)] Failed data load.
[5216:23804:0209/112758.531:WARNING:storage_block-inl.h(138)] Failed data load.
[5216:23804:0209/112758.531:ERROR:entry_impl.cc(1029)] No file for c1030014
[5216:23804:0209/112758.540:WARNING:storage_block-inl.h(138)] Failed data load.
[5216:23804:0209/112758.696:ERROR:entry_impl.cc(955)] Failed to save user data
[5216:23804:0209/112758.696:ERROR:entry_impl.cc(955)] Failed to save user data
[5216:23804:0209/112758.729:WARNING:storage_block-inl.h(138)] Failed data load.
[5216:23804:0209/112758.729:WARNING:storage_block-inl.h(138)] Failed data load.
[5216:23804:0209/112758.731:WARNING:storage_block-inl.h(138)] Failed data load.
[5216:23804:0209/112758.731:WARNING:storage_block-inl.h(138)] Failed data load.
[5216:23804:0209/112758.732:WARNING:storage_block-inl.h(138)] Failed data load.
[5216:23804:0209/112758.734:WARNING:storage_block-inl.h(138)] Failed data load.
[5216:23804:0209/112758.735:WARNING:storage_block-inl.h(138)] Failed data load.
[5216:23804:0209/112758.735:WARNING:storage_block-inl.h(138)] Failed data load.
[5216:23804:0209/112758.753:WARNING:storage_block-inl.h(138)] Failed data load.
[5216:23804:0209/112758.753:WARNING:storage_block-inl.h(138)] Failed data load.
[5216:23804:0209/112758.756:WARNING:storage_block-inl.h(138)] Failed data load.
[5216:23804:0209/112758.757:WARNING:storage_block-inl.h(138)] Failed data load.
[5216:23804:0209/112758.759:ERROR:entry_impl.cc(955)] Failed to save user data
[5320:5260:0209/112800.256:ERROR:cast_crl.cc(443)] CRL - Verification failed.
[5320:5260:0209/112800.258:ERROR:cast_crl.cc(443)] CRL - Verification failed.
[5320:5260:0209/112800.260:ERROR:cast_crl.cc(443)] CRL - Verification failed.
[5320:5260:0209/112800.260:ERROR:cast_crl.cc(443)] CRL - Verification failed.
[5320:5260:0209/112800.266:ERROR:cast_crl.cc(443)] CRL - Verification failed.
[5320:5260:0209/112800.267:ERROR:cast_crl.cc(443)] CRL - Verification failed.
[5320:17652:0209/112801.462:ERROR:crx_installer.cc(957)] Could not load javascript 'content_scripts/embeddedpdfs/embedded-pdf-touch-point-event-listener.js' for script. efaidnbmnnnibpcajpcglclefindmkaj 
[5320:3488:0209/112801.475:WARNING:load_error_reporter.cc(72)] Extension error: Could not load javascript 'content_scripts/embeddedpdfs/embedded-pdf-touch-point-event-listener.js' for script.
[5320:17652:0209/112854.747:WARNING:dns_config_service_win.cc(605)] Failed to read DnsConfig.
[5216:23836:0209/112854.778:WARNING:dns_config_service_win.cc(605)] Failed to read DnsConfig.
[5320:5260:0209/112904.179:ERROR:cast_crl.cc(443)] CRL - Verification failed.
[5320:5260:0209/112904.979:ERROR:cast_crl.cc(443)] CRL - Verification failed.
[5320:5260:0209/112905.404:ERROR:cast_crl.cc(443)] CRL - Verification failed.
[5320:5260:0209/112906.879:ERROR:cast_crl.cc(443)] CRL - Verification failed.
[5320:5260:0209/112908.015:ERROR:cast_crl.cc(443)] CRL - Verification failed.
[5320:5260:0209/112908.407:ERROR:cast_crl.cc(443)] CRL - Verification failed.
[5320:3488:0209/114442.679:WARNING:pref_notifier_impl.cc(41)] Pref observer for media_router.cast_allow_all_ips found at shutdown.
