[1596:6240:0421/100656.282:WARNING:chrome_main_delegate.cc(745)] This is Chrome version 128.0.6613.138 (not a warning)
[1596:29108:0421/100656.356:ERROR:google_update_settings.cc(265)] Failed opening key Software\Chromium to set usagestats; result: 5
[1596:18388:0421/100656.368:ERROR:persistent_memory_allocator.cc(908)] Corruption detected in shared-memory segment.
[1596:6240:0421/100656.376:WARNING:account_consistency_mode_manager.cc(77)] Desktop Identity Consistency cannot be enabled as no OAuth client ID and client secret have been configured.
[25016:17776:0421/100701.558:ERROR:backend_impl.cc(1904)] Corrupt Index file
[1596:6240:0421/100708.646:ERROR:persistent_sample_map.cc(215)] NOTREACHED hit. corrupt=1
[26572:17596:0421/100711.103:WARNING:frame_impl.cc(430)] virtual CefFrameImpl::SendProcessMessage sent to detached frame 5-82D37A2E479841AED68C047336086578 will be ignored
[25016:11356:0421/100711.185:WARNING:spdy_session.cc(2985)] Received HEADERS for invalid stream 13
[1596:328:0421/100714.611:ERROR:cast_crl.cc(443)] CRL - Verification failed.
[1596:328:0421/100714.654:ERROR:cast_crl.cc(443)] CRL - Verification failed.
[1596:6240:0421/100727.023:ERROR:persistent_sample_map.cc(215)] NOTREACHED hit. corrupt=1
[25016:11356:0421/101113.231:ERROR:ssl_client_socket_impl.cc(882)] handshake failed; returned -1, SSL error code 1, net_error -100
[25016:11356:0421/101113.243:ERROR:ssl_client_socket_impl.cc(882)] handshake failed; returned -1, SSL error code 1, net_error -100
[25016:11356:0421/101113.413:ERROR:ssl_client_socket_impl.cc(882)] handshake failed; returned -1, SSL error code 1, net_error -100
[25016:11356:0421/101113.452:ERROR:ssl_client_socket_impl.cc(882)] handshake failed; returned -1, SSL error code 1, net_error -100
[25016:11356:0421/101121.129:ERROR:ssl_client_socket_impl.cc(882)] handshake failed; returned -1, SSL error code 1, net_error -107
[25016:11356:0421/101127.272:ERROR:ssl_client_socket_impl.cc(882)] handshake failed; returned -1, SSL error code 1, net_error -100
[25016:11356:0421/101134.780:ERROR:ssl_client_socket_impl.cc(882)] handshake failed; returned -1, SSL error code 1, net_error -101
[25016:11356:0421/101138.671:ERROR:ssl_client_socket_impl.cc(882)] handshake failed; returned -1, SSL error code 1, net_error -100
[25016:11356:0421/102317.276:ERROR:ssl_client_socket_impl.cc(882)] handshake failed; returned -1, SSL error code 1, net_error -100
[25016:11356:0421/102317.867:ERROR:ssl_client_socket_impl.cc(882)] handshake failed; returned -1, SSL error code 1, net_error -100
[25016:11356:0421/102326.241:ERROR:ssl_client_socket_impl.cc(882)] handshake failed; returned -1, SSL error code 1, net_error -100
[25016:11356:0421/102334.676:ERROR:ssl_client_socket_impl.cc(882)] handshake failed; returned -1, SSL error code 1, net_error -107
[25016:11356:0421/102513.369:ERROR:ssl_client_socket_impl.cc(882)] handshake failed; returned -1, SSL error code 1, net_error -100
[25016:11356:0421/102513.607:ERROR:ssl_client_socket_impl.cc(882)] handshake failed; returned -1, SSL error code 1, net_error -100
[25016:11356:0421/102525.066:ERROR:ssl_client_socket_impl.cc(882)] handshake failed; returned -1, SSL error code 1, net_error -107
[25016:11356:0421/102537.477:ERROR:ssl_client_socket_impl.cc(882)] handshake failed; returned -1, SSL error code 1, net_error -107
[1596:23144:0421/103526.977:ERROR:persistent_sample_map.cc(215)] NOTREACHED hit. corrupt=1
[1596:2548:0421/103527.153:ERROR:persistent_sample_map.cc(215)] NOTREACHED hit. corrupt=1
[1596:2548:0421/103527.156:ERROR:persistent_sample_map.cc(215)] NOTREACHED hit. corrupt=1
[1596:6240:0421/103527.184:WARNING:pref_notifier_impl.cc(41)] Pref observer for media_router.cast_allow_all_ips found at shutdown.
