[24220:22184:0410/203733.525:WARNING:chrome_main_delegate.cc(745)] This is Chrome version 128.0.6613.138 (not a warning)
[24220:22184:0410/203733.527:ERROR:persistent_memory_allocator.cc(908)] Corruption detected in shared-memory segment.
[24220:22184:0410/203733.623:ERROR:os_crypt_win.cc(100)] Failed to decrypt: Key not valid for use in specified state. (0x8009000B)
[24220:15932:0410/203733.717:ERROR:google_update_settings.cc(265)] Failed opening key Software\Chromium to set usagestats; result: 5
[24220:22184:0410/203733.827:WARNING:account_consistency_mode_manager.cc(77)] Desktop Identity Consistency cannot be enabled as no OAuth client ID and client secret have been configured.
[24220:24388:0410/203738.513:WARNING:leveldb_database.cc(141)] Unable to open C:\Users\audre\OneDrive - West Allegheny School District\2d 3d animation\Unreal Projects\GitHub\new\Saved\webcache_6613\Default\shared_proto_db\metadata: IO error: C:\Users\audre\OneDrive - West Allegheny School District\2d 3d animation\Unreal Projects\GitHub\new\Saved\webcache_6613\Default\shared_proto_db\metadata/MANIFEST-000001: Unable to create sequential file (ChromeMethodBFE: 7::NewSequentialFile::1)
[24220:24388:0410/203738.515:WARNING:leveldb_database.cc(141)] Unable to open C:\Users\audre\OneDrive - West Allegheny School District\2d 3d animation\Unreal Projects\GitHub\new\Saved\webcache_6613\Default\shared_proto_db\metadata: IO error: C:\Users\audre\OneDrive - West Allegheny School District\2d 3d animation\Unreal Projects\GitHub\new\Saved\webcache_6613\Default\shared_proto_db\metadata/MANIFEST-000001: Unable to create sequential file (ChromeMethodBFE: 7::NewSequentialFile::1)
[24220:24388:0410/203738.516:WARNING:leveldb_database.cc(141)] Unable to open C:\Users\audre\OneDrive - West Allegheny School District\2d 3d animation\Unreal Projects\GitHub\new\Saved\webcache_6613\Default\shared_proto_db\metadata: IO error: C:\Users\audre\OneDrive - West Allegheny School District\2d 3d animation\Unreal Projects\GitHub\new\Saved\webcache_6613\Default\shared_proto_db\metadata/MANIFEST-000001: Unable to create sequential file (ChromeMethodBFE: 7::NewSequentialFile::1)
[24220:24388:0410/203738.518:WARNING:leveldb_database.cc(141)] Unable to open C:\Users\audre\OneDrive - West Allegheny School District\2d 3d animation\Unreal Projects\GitHub\new\Saved\webcache_6613\Default\shared_proto_db\metadata: IO error: C:\Users\audre\OneDrive - West Allegheny School District\2d 3d animation\Unreal Projects\GitHub\new\Saved\webcache_6613\Default\shared_proto_db\metadata/MANIFEST-000001: Unable to create sequential file (ChromeMethodBFE: 7::NewSequentialFile::1)
[24908:2496:0410/203740.626:ERROR:backend_impl.cc(989)] Critical error found -8
[24220:15932:0410/203740.630:WARNING:value_store_frontend.cc(47)] Reading ahfgeienlihckogmohjhadlkjgocpleb.alarms from  failed: IO error: .../MANIFEST-000001: Unable to create sequential file (ChromeMethodBFE: 7::NewSequentialFile::1)
[24220:15932:0410/203740.632:WARNING:value_store_frontend.cc(47)] Reading mhjfbmdgcfjbbpaeojofohoefgiehjai.alarms from  failed: IO error: .../MANIFEST-000001: Unable to create sequential file (ChromeMethodBFE: 7::NewSequentialFile::1)
[24908:2496:0410/203740.791:WARNING:storage_block-inl.h(138)] Failed data load.
[10856:23348:0410/203741.296:WARNING:frame_impl.cc(430)] virtual CefFrameImpl::SendProcessMessage sent to detached frame 5-7EDEEE5D906891874239B2DA8DDC9A6C will be ignored
[24908:21528:0410/203741.684:WARNING:spdy_session.cc(2985)] Received HEADERS for invalid stream 9
[24908:21528:0410/203742.653:ERROR:ssl_client_socket_impl.cc(882)] handshake failed; returned -1, SSL error code 1, net_error -100
[24908:21528:0410/203742.665:ERROR:ssl_client_socket_impl.cc(882)] handshake failed; returned -1, SSL error code 1, net_error -100
[24908:21528:0410/203752.732:ERROR:ssl_client_socket_impl.cc(882)] handshake failed; returned -1, SSL error code 1, net_error -107
[24908:21528:0410/203804.274:ERROR:ssl_client_socket_impl.cc(882)] handshake failed; returned -1, SSL error code 1, net_error -100
[24220:22184:0410/220420.405:ERROR:device_event_log_impl.cc(196)] [22:04:20.390] USB: usb_service_win.cc:105 SetupDiGetDeviceProperty({{A45C254E-DF1C-4EFD-8020-67D146A850E0}, 6}) failed: Element not found. (0x490)
[24220:22184:0410/224326.257:WARNING:pref_notifier_impl.cc(41)] Pref observer for media_router.cast_allow_all_ips found at shutdown.
