[12864:3324:0129/112546.733:WARNING:chrome_main_delegate.cc(745)] This is Chrome version 128.0.6613.138 (not a warning)
[12864:3324:0129/112546.958:ERROR:os_crypt_win.cc(100)] Failed to decrypt: Key not valid for use in specified state. (0x8009000B)
[12864:25484:0129/112547.128:ERROR:google_update_settings.cc(265)] Failed opening key Software\Chromium to set usagestats; result: 5
[12864:3324:0129/112547.298:WARNING:account_consistency_mode_manager.cc(77)] Desktop Identity Consistency cannot be enabled as no OAuth client ID and client secret have been configured.
[22780:26416:0129/112549.882:WARNING:chrome_main_delegate.cc(745)] This is Chrome version 128.0.6613.138 (not a warning)
[22780:18200:0129/112550.000:ERROR:google_update_settings.cc(265)] Failed opening key Software\Chromium to set usagestats; result: 5
[22780:26416:0129/112550.057:WARNING:account_consistency_mode_manager.cc(77)] Desktop Identity Consistency cannot be enabled as no OAuth client ID and client secret have been configured.
[21316:12588:0129/112605.609:WARNING:frame_impl.cc(430)] virtual CefFrameImpl::SendProcessMessage sent to detached frame 5-381F616FB905502B450D8C902E2C1508 will be ignored
[22780:17932:0129/112606.451:WARNING:browser_info.cc(345)] Returning a speculative frame for [9,9]
[22780:26416:0129/112606.549:WARNING:browser_info.cc(345)] Returning a speculative frame for [11,5]
[22780:26416:0129/112606.550:WARNING:browser_info.cc(345)] Returning a speculative frame for [11,5]
[22780:26416:0129/112606.550:WARNING:browser_info.cc(345)] Returning a speculative frame for [11,5]
[22780:26416:0129/112606.550:WARNING:browser_info.cc(345)] Returning a speculative frame for [11,5]
[22780:17932:0129/112606.571:WARNING:browser_info.cc(345)] Returning a speculative frame for [11,5]
[12864:3324:0129/112610.115:ERROR:network_service_instance_impl.cc(608)] Network service crashed, restarting service.
[22780:17636:0129/112612.756:ERROR:crx_installer.cc(957)] Could not load javascript 'content_scripts/embeddedpdfs/embedded-pdf-touch-point-event-listener.js' for script. efaidnbmnnnibpcajpcglclefindmkaj 
[22780:26416:0129/112612.771:WARNING:load_error_reporter.cc(72)] Extension error: Could not load javascript 'content_scripts/embeddedpdfs/embedded-pdf-touch-point-event-listener.js' for script.
[12864:25484:0129/112618.509:ERROR:crx_installer.cc(957)] Could not load javascript 'content_scripts/embeddedpdfs/embedded-pdf-touch-point-event-listener.js' for script. efaidnbmnnnibpcajpcglclefindmkaj 
[12864:3324:0129/112618.804:WARNING:load_error_reporter.cc(72)] Extension error: Could not load javascript 'content_scripts/embeddedpdfs/embedded-pdf-touch-point-event-listener.js' for script.
[14036:20384:0129/112817.739:WARNING:frame_impl.cc(430)] virtual CefFrameImpl::SendProcessMessage sent to detached frame 6-24FE357AD57056D00100040445011D61 will be ignored
[5844:11584:0129/112817.874:ERROR:shared_image_manager.cc(224)] SharedImageManager::ProduceSkia: Trying to Produce a Skia representation from a non-existent mailbox.
[5844:11584:0129/112817.875:ERROR:shared_image_manager.cc(224)] SharedImageManager::ProduceSkia: Trying to Produce a Skia representation from a non-existent mailbox.
[12864:3324:0129/113225.329:WARNING:pref_notifier_impl.cc(41)] Pref observer for media_router.cast_allow_all_ips found at shutdown.
[22780:26416:0129/113228.008:WARNING:pref_notifier_impl.cc(41)] Pref observer for media_router.cast_allow_all_ips found at shutdown.
