[21204:2676:0502/210000.358:WARNING:chrome_main_delegate.cc(745)] This is Chrome version 128.0.6613.138 (not a warning)
[21204:25820:0502/210000.406:ERROR:google_update_settings.cc(265)] Failed opening key Software\Chromium to set usagestats; result: 5
[21204:2676:0502/210000.419:WARNING:account_consistency_mode_manager.cc(77)] Desktop Identity Consistency cannot be enabled as no OAuth client ID and client secret have been configured.
[21204:8172:0502/210002.076:WARNING:leveldb_database.cc(141)] Unable to open C:\Users\audre\OneDrive - West Allegheny School District\2d 3d animation\Unreal Projects\GitHub\new\Saved\webcache_6613\Default\shared_proto_db\metadata: IO error: C:\Users\audre\OneDrive - West Allegheny School District\2d 3d animation\Unreal Projects\GitHub\new\Saved\webcache_6613\Default\shared_proto_db\metadata/MANIFEST-000001: Unable to create sequential file (ChromeMethodBFE: 7::NewSequentialFile::1)
[21204:8172:0502/210002.080:WARNING:leveldb_database.cc(141)] Unable to open C:\Users\audre\OneDrive - West Allegheny School District\2d 3d animation\Unreal Projects\GitHub\new\Saved\webcache_6613\Default\shared_proto_db\metadata: IO error: C:\Users\audre\OneDrive - West Allegheny School District\2d 3d animation\Unreal Projects\GitHub\new\Saved\webcache_6613\Default\shared_proto_db\metadata/MANIFEST-000001: Unable to create sequential file (ChromeMethodBFE: 7::NewSequentialFile::1)
[21204:8172:0502/210002.082:WARNING:leveldb_database.cc(141)] Unable to open C:\Users\audre\OneDrive - West Allegheny School District\2d 3d animation\Unreal Projects\GitHub\new\Saved\webcache_6613\Default\shared_proto_db\metadata: IO error: C:\Users\audre\OneDrive - West Allegheny School District\2d 3d animation\Unreal Projects\GitHub\new\Saved\webcache_6613\Default\shared_proto_db\metadata/MANIFEST-000001: Unable to create sequential file (ChromeMethodBFE: 7::NewSequentialFile::1)
[21204:8172:0502/210002.085:WARNING:leveldb_database.cc(141)] Unable to open C:\Users\audre\OneDrive - West Allegheny School District\2d 3d animation\Unreal Projects\GitHub\new\Saved\webcache_6613\Default\shared_proto_db\metadata: IO error: C:\Users\audre\OneDrive - West Allegheny School District\2d 3d animation\Unreal Projects\GitHub\new\Saved\webcache_6613\Default\shared_proto_db\metadata/MANIFEST-000001: Unable to create sequential file (ChromeMethodBFE: 7::NewSequentialFile::1)
[21204:8172:0502/210002.351:WARNING:value_store_frontend.cc(47)] Reading ahfgeienlihckogmohjhadlkjgocpleb.alarms from  failed: IO error: .../MANIFEST-000001: Unable to create sequential file (ChromeMethodBFE: 7::NewSequentialFile::1)
[21204:8172:0502/210002.354:WARNING:value_store_frontend.cc(47)] Reading mhjfbmdgcfjbbpaeojofohoefgiehjai.alarms from  failed: IO error: .../MANIFEST-000001: Unable to create sequential file (ChromeMethodBFE: 7::NewSequentialFile::1)
[25920:11720:0502/210004.927:WARNING:frame_impl.cc(430)] virtual CefFrameImpl::SendProcessMessage sent to detached frame 5-91BD530F447A2CA32699F6F813DB232A will be ignored
[26424:20352:0502/210004.932:ERROR:rankings.cc(772)] Inconsistent LRU.
[26424:20352:0502/210004.932:ERROR:backend_impl.cc(989)] Critical error found -8
[26424:20352:0502/210004.932:WARNING:storage_block-inl.h(138)] Failed data load.
[26424:20352:0502/210004.932:WARNING:storage_block-inl.h(138)] Failed data load.
[26424:20352:0502/210004.932:ERROR:entry_impl.cc(1029)] No file for c1030006
[26424:20352:0502/210004.934:WARNING:storage_block-inl.h(138)] Failed data load.
[26424:5820:0502/210007.440:ERROR:ssl_client_socket_impl.cc(882)] handshake failed; returned -1, SSL error code 1, net_error -107
[26424:5820:0502/210008.106:ERROR:ssl_client_socket_impl.cc(882)] handshake failed; returned -1, SSL error code 1, net_error -100
[26424:5820:0502/210018.446:ERROR:ssl_client_socket_impl.cc(882)] handshake failed; returned -1, SSL error code 1, net_error -107
[26424:5820:0502/210029.218:ERROR:ssl_client_socket_impl.cc(882)] handshake failed; returned -1, SSL error code 1, net_error -107
[21204:2676:0502/220939.978:WARNING:pref_notifier_impl.cc(41)] Pref observer for media_router.cast_allow_all_ips found at shutdown.
