Log file open, 04/26/26 21:42:54
LogWindows: Enabling Tpause support
LogTrace: Initializing trace...
LogTrace: Finished trace initialization.
LogInit: Session CrashGUID >====================================================
         Session CrashGUID >   UECC-Windows-577F4DF04AA610F7A15A3784F12FB41E
         Session CrashGUID >====================================================
LogConfig: No local boot hotfix file found at: [../../../../../../../Users/audre/OneDrive - West Allegheny School District/2d 3d animation/Unreal Projects/GitHub/new/Saved/PersistentDownloadDir/HotfixForNextBoot.txt]
LogPluginManager: Mounting Engine plugin TcpMessaging
LogPluginManager: Mounting Engine plugin PlatformCrypto
LogInit: ExecutableName: UnrealPak.exe
LogInit: Build: ++UE5+Release-5.7-CL-51494982
LogInit: Platform=WindowsEditor
LogInit: MachineId=73529c6346ebb640f26f63ae36ad552c
LogInit: DeviceId=
LogInit: Engine Version: 5.7.4-51494982+++UE5+Release-5.7
LogInit: Compatible Engine Version: 5.7.0-47537391+++UE5+Release-5.7
LogInit: Net CL: 47537391
LogInit: OS: Windows 11 (25H2) [10.0.26200.8246] (), CPU: Intel(R) Core(TM) i7-14700T, GPU: Intel(R) UHD Graphics 770
LogInit: CPU Model ID: 6b71, microcode revision: 12f
LogInit: Compiled (64-bit): Mar  6 2026 12:57:15
LogInit: Architecture: x64
LogInit: Compiled with Visual C++: 19.44.35223.00
LogInit: Build Configuration: Development
LogInit: Branch Name: ++UE5+Release-5.7
LogInit: Command Line: -CreateGlobalContainer="C:\Users\audre\OneDrive - West Allegheny School District\2d 3d animation\Unreal Projects\GitHub\new\Saved\StagedBuilds\Windows\Genome_Tracker\Content\Paks\global.utoc" -PackageStoreManifest="C:\Users\audre\OneDrive - West Allegheny School District\2d 3d animation\Unreal Projects\GitHub\new\Saved\Cooked\Windows\Genome_Tracker\Metadata\packagestore.manifest" -CookedDirectory="C:\Users\audre\OneDrive - West Allegheny School District\2d 3d animation\Unreal Projects\GitHub\new\Saved\Cooked\Windows" -Commands="C:\Users\audre\AppData\Roaming\Unreal Engine\AutomationTool\Logs\C+Program+Files+Epic+Games+UE_5.7+UE_5.7\IoStoreCommands.txt" -ScriptObjects="C:\Users\audre\OneDrive - West Allegheny School District\2d 3d animation\Unreal Projects\GitHub\new\Saved\Cooked\Windows\Genome_Tracker\Metadata\scriptobjects.bin" -patchpaddingalign=2048 -compressionformats=Oodle -compresslevel=4 -compressmethod=Kraken -cryptokeys="C:\Users\audre\OneDrive - West Allegheny School District\2d 3d animation\Unreal Projects\GitHub\new\Saved\Cooked\Windows\Genome_Tracker\Metadata\Crypto.json" -compressionMinBytesSaved=1024 -compressionMinPercentSaved=5 -WriteBackMetadataToAssetRegistry=Disabled -platform=Windows -nopak
LogInit: Base Directory: C:/Program Files/Epic Games/UE_5.7/UE_5.7/Engine/Binaries/Win64/
LogInit: Allocator: Mimalloc
LogInit: Installed Engine Build: 1
LogInit: This binary is optimized with LTO: no, PGO: no, instrumented for PGO data collection: no
LogDevObjectVersion: Number of dev versions registered: 35
LogDevObjectVersion:   Dev-Blueprints (B0D832E4-1F89-4F0D-ACCF-7EB736FD4AA2): 10
LogDevObjectVersion:   Dev-Build (E1C64328-A22C-4D53-A36C-8E866417BD8C): 0
LogDevObjectVersion:   Dev-Core (375EC13C-06E4-48FB-B500-84F0262A717E): 4
LogDevObjectVersion:   Dev-Editor (E4B068ED-F494-42E9-A231-DA0B2E46BB41): 40
LogDevObjectVersion:   Dev-Framework (CFFC743F-43B0-4480-9391-14DF171D2073): 37
LogDevObjectVersion:   Dev-Mobile (B02B49B5-BB20-44E9-A304-32B752E40360): 3
LogDevObjectVersion:   Dev-Networking (A4E4105C-59A1-49B5-A7C5-40C4547EDFEE): 0
LogDevObjectVersion:   Dev-Online (39C831C9-5AE6-47DC-9A44-9C173E1C8E7C): 0
LogDevObjectVersion:   Dev-Physics (78F01B33-EBEA-4F98-B9B4-84EACCB95AA2): 20
LogDevObjectVersion:   Dev-Platform (6631380F-2D4D-43E0-8009-CF276956A95A): 0
LogDevObjectVersion:   Dev-Rendering (12F88B9F-8875-4AFC-A67C-D90C383ABD29): 49
LogDevObjectVersion:   Dev-Sequencer (7B5AE74C-D270-4C10-A958-57980B212A5A): 13
LogDevObjectVersion:   Dev-VR (D7296918-1DD6-4BDD-9DE2-64A83CC13884): 3
LogDevObjectVersion:   Dev-LoadTimes (C2A15278-BFE7-4AFE-6C17-90FF531DF755): 1
LogDevObjectVersion:   Private-Geometry (6EACA3D4-40EC-4CC1-B786-8BED09428FC5): 3
LogDevObjectVersion:   Dev-AnimPhys (29E575DD-E0A3-4627-9D10-D276232CDCEA): 17
LogDevObjectVersion:   Dev-Anim (AF43A65D-7FD3-4947-9873-3E8ED9C1BB05): 15
LogDevObjectVersion:   Dev-ReflectionCapture (6B266CEC-1EC7-4B8F-A30B-E4D90942FC07): 1
LogDevObjectVersion:   Dev-Automation (0DF73D61-A23F-47EA-B727-89E90C41499A): 1
LogDevObjectVersion:   FortniteMain (601D1886-AC64-4F84-AA16-D3DE0DEAC7D6): 225
LogDevObjectVersion:   FortniteValkyrie (8DBC2C5B-54A7-43E0-A768-FCBB7DA29060): 8
LogDevObjectVersion:   FortniteSeason (5B4C06B7-2463-4AF8-805B-BF70CDF5D0DD): 15
LogDevObjectVersion:   FortniteRelease (E7086368-6B23-4C58-8439-1B7016265E91): 17
LogDevObjectVersion:   Dev-Enterprise (9DFFBCD6-494F-0158-E221-12823C92A888): 11
LogDevObjectVersion:   Dev-Niagara (F2AED0AC-9AFE-416F-8664-AA7FFA26D6FC): 1
LogDevObjectVersion:   Dev-Destruction (174F1F0B-B4C6-45A5-B13F-2EE8D0FB917D): 10
LogDevObjectVersion:   Dev-Physics-Ext (35F94A83-E258-406C-A318-09F59610247C): 41
LogDevObjectVersion:   Dev-PhysicsMaterial-Chaos (B68FC16E-8B1B-42E2-B453-215C058844FE): 1
LogDevObjectVersion:   Dev-CineCamera (B2E18506-4273-CFC2-A54E-F4BB758BBA07): 1
LogDevObjectVersion:   Dev-VirtualProduction (64F58936-FD1B-42BA-BA96-7289D5D0FA4E): 1
LogDevObjectVersion:   UE5-Main (697DD581-E64F-41AB-AA4A-51ECBEB7B628): 121
LogDevObjectVersion:   UE5-Release (D89B5E42-24BD-4D46-8412-ACA8DF641779): 61
LogDevObjectVersion:   UE5-SpecialProject (59DA5D52-1232-4948-B878-597870B8E98B): 9
LogDevObjectVersion:   Dev-MediaFramework (6F0ED827-A609-4895-9C91-998D90180EA4): 2
LogDevObjectVersion:   Dev-NaniteResearch (30D58BE3-95EA-4282-A6E3-B159D8EBB06A): 1
LogInit: Presizing for max 100000 objects, including 0 objects not considered by GC.
LogInit: Object subsystem initialized
LogConfig: Applying CVar settings from Section [Startup] File [../../../Engine/Config/ConsoleVariables.ini]
LogConfig: CVar [[r.DumpShaderDebugInfo:2]] deferred - dummy variable created
LogConfig: CVar [[p.chaos.AllowCreatePhysxBodies:1]] deferred - dummy variable created
LogConfig: CVar [[fx.SkipVectorVMBackendOptimizations:1]] deferred - dummy variable created
LogConfig: Applying CVar settings from Section [Startup_Windows] File [../../../Engine/Config/ConsoleVariables.ini]
LogConfig: Applying CVar settings from Section [ConsoleVariables] File [Engine]
LogConfig: Set CVar [[WindowsApplication.UseWorkerThreadForRawInput:0]]
[2026.04.27-01.42.54:414][  0]LogInit: Computer: AUDREYPC
[2026.04.27-01.42.54:414][  0]LogInit: User: audre
[2026.04.27-01.42.54:414][  0]LogInit: CPU Page size=4096, Cores=20
[2026.04.27-01.42.54:414][  0]LogInit: High frequency timer resolution =10.000000 MHz
[2026.04.27-01.42.54:414][  0]LogInit: Handheld Device: 0
[2026.04.27-01.42.54:414][  0]LogMemory: Process is running as part of a Windows Job with separate resource limits
[2026.04.27-01.42.54:414][  0]LogMemory: Memory total: Physical=23.7GB (24GB approx) Virtual=32.2GB
[2026.04.27-01.42.54:414][  0]LogMemory: Platform Memory Stats for WindowsEditor
[2026.04.27-01.42.54:414][  0]LogMemory: Process Physical Memory: 96.09 MB used, 96.09 MB peak
[2026.04.27-01.42.54:414][  0]LogMemory: Process Virtual Memory: 174.58 MB used, 174.58 MB peak
[2026.04.27-01.42.54:414][  0]LogMemory: Physical Memory: 16252.28 MB used,  8040.64 MB free, 24292.92 MB total
[2026.04.27-01.42.54:414][  0]LogMemory: Virtual Memory: 24830.37 MB used,  8166.55 MB free, 32996.92 MB total
[2026.04.27-01.42.54:419][  0]LogAssetRegistry: FAssetRegistry took 0.0002 seconds to start up
[2026.04.27-01.42.54:420][  0]LogUObjectArray: 620 objects as part of root set at end of initial load.
[2026.04.27-01.42.54:420][  0]LogUObjectArray: CloseDisregardForGC: 0/0 objects in disregard for GC pool
[2026.04.27-01.42.54:421][  0]LogInit: Using OS detected language ().
[2026.04.27-01.42.54:421][  0]LogInit: Using OS detected locale ().
[2026.04.27-01.42.54:421][  0]LogTextLocalizationManager: No localization for '' exists, so 'en' will be used for the language.
[2026.04.27-01.42.54:421][  0]LogTextLocalizationManager: No localization for '' exists, so 'en' will be used for the locale.
[2026.04.27-01.42.54:421][  0]LogInit: Using OS detected language ().
[2026.04.27-01.42.54:421][  0]LogInit: Using OS detected locale ().
[2026.04.27-01.42.54:421][  0]LogTextLocalizationManager: No localization for '' exists, so 'en' will be used for the language.
[2026.04.27-01.42.54:421][  0]LogTextLocalizationManager: No localization for '' exists, so 'en' will be used for the locale.
[2026.04.27-01.42.54:421][  0]LogPakFile: Display: ProjectDir: ../../../../../../../Users/audre/OneDrive - West Allegheny School District/2d 3d animation/Unreal Projects/GitHub/new/
[2026.04.27-01.42.54:422][  0]LogIoStore: Display: ==================== IoStore Utils ====================
[2026.04.27-01.42.54:423][  0]LogIoStore: Display: Parsing crypto keys from a crypto key cache file 'C:\Users\audre\OneDrive - West Allegheny School District\2d 3d animation\Unreal Projects\GitHub\new\Saved\Cooked\Windows\Genome_Tracker\Metadata\Crypto.json'
[2026.04.27-01.42.54:425][  0]LogIoStore: Display: Container signing - DISABLED
[2026.04.27-01.42.54:425][  0]LogIoStore: Display: Directory index - ENABLED
[2026.04.27-01.42.54:425][  0]LogIoStore: Display: Using compression format 'Oodle'
[2026.04.27-01.42.54:452][  0]LogConfig: Display: Read in platform Windows ini files took 0.03 seconds
[2026.04.27-01.42.54:452][  0]LogIoStore: Display: Using memory mapping alignment '16384'
[2026.04.27-01.42.54:452][  0]LogIoStore: Display: Using compression block size '65536'
[2026.04.27-01.42.54:452][  0]LogIoStore: Display: Using compression block alignment '2048'
[2026.04.27-01.42.54:452][  0]LogIoStore: Display: Using compression min bytes saved '1024'
[2026.04.27-01.42.54:452][  0]LogIoStore: Display: Using compression min percent saved '5'
[2026.04.27-01.42.54:452][  0]LogIoStore: Display: Using max partition size '0'
[2026.04.27-01.42.54:452][  0]LogIoStore: Display: Not using DDC for compression
[2026.04.27-01.42.54:452][  0]LogIoStore: Display: Using command list file: 'C:\Users\audre\AppData\Roaming\Unreal Engine\AutomationTool\Logs\C+Program+Files+Epic+Games+UE_5.7+UE_5.7\IoStoreCommands.txt'
[2026.04.27-01.42.54:456][  0]LogIoStore: Display: Selected Oodle level 4 (Normal) from command line for shaders
[2026.04.27-01.42.54:456][  0]LogIoStore: Display: Fetched 684 oplog items from Manifest in 0.00 seconds
[2026.04.27-01.42.54:458][  0]LogIoStore: Display: Parsed 684 oplog items 0.00 seconds, 860 chunks
[2026.04.27-01.42.54:463][  0]LogIoStore: Display: Using input asset registry: C:/Users/audre/OneDrive - West Allegheny School District/2d 3d animation/Unreal Projects/GitHub/new/Saved/Cooked/Windows/Genome_Tracker/Metadata/DevelopmentAssetRegistry.bin
[2026.04.27-01.42.54:469][  0]LogIoStore: Display: Loaded 183 chunk hashes from AssetRegistry in 0.01 seconds, 183 hashes updated in 0.00 seconds
[2026.04.27-01.42.54:471][  0]LogIoStore: Display: Searching for cooked assets in folder 'C:\Users\audre\OneDrive - West Allegheny School District\2d 3d animation\Unreal Projects\GitHub\new\Saved\Cooked\Windows'
[2026.04.27-01.42.54:484][  0]LogIoStore: Display: Found '1545' files
[2026.04.27-01.42.54:493][  0]LogIoStore: Display: Creating container targets...
[2026.04.27-01.42.54:496][  0]OodleDataCompression: Display: Oodle v2.9.14 format for pak/iostore with method=Kraken, level=4=Normal
[2026.04.27-01.42.54:537][  0]LogIoStore: Display: Parsing packages...
[2026.04.27-01.42.54:538][  0]LogIoStore: Display: Reading package assets...
[2026.04.27-01.42.54:545][  0]LogIoStore: Display: Packages read 677 files in 0.01 seconds, 1,202,695 total bytes, 215,776,489 bytes per second
[2026.04.27-01.42.54:554][  0]LogIoStore: Display: Processing shader libraries, compressing with Oodle Mermaid, level 4 (Normal)
[2026.04.27-01.42.54:573][  0]LogShaderLibrary: Display: Created IoStoreShaderArchive header: shaders grouped in 224 groups (55 of them didn't need new indices), average uncompressed size 162492 bytes, min 2378 bytes, max 1037111 bytes (r.ShaderCodeLibrary.MaxShaderGroupSize=1048576)
[2026.04.27-01.42.54:733][  0]LogIoStore: Display: Genome_Tracker-PCD3D_SM6(PCD3D_SM6): Recompressed 2859 shaders as 224 groups. Library size changed from 27328 KB (1.30 : 1 ratio) to 17360 KB (2.05 : 1 ratio), 63.52% of previous.
[2026.04.27-01.42.54:738][  0]LogShaderLibrary: Display: Created IoStoreShaderArchive header: shaders grouped in 193 groups (77 of them didn't need new indices), average uncompressed size 77839 bytes, min 490 bytes, max 962811 bytes (r.ShaderCodeLibrary.MaxShaderGroupSize=1048576)
[2026.04.27-01.42.54:757][  0]LogIoStore: Display: Genome_Tracker-PCD3D_SM5(PCD3D_SM5): Recompressed 1384 shaders as 193 groups. Library size changed from 3993 KB (3.67 : 1 ratio) to 1669 KB (8.79 : 1 ratio), 41.80% of previous.
[2026.04.27-01.42.54:852][  0]LogShaderLibrary: Display: Created IoStoreShaderArchive header: shaders grouped in 722 groups (186 of them didn't need new indices), average uncompressed size 383833 bytes, min 1249 bytes, max 1083990 bytes (r.ShaderCodeLibrary.MaxShaderGroupSize=1048576)
[2026.04.27-01.42.56:576][  0]LogIoStore: Display: Global-PCD3D_SM6(PCD3D_SM6): Recompressed 13090 shaders as 722 groups. Library size changed from 206016 KB (1.31 : 1 ratio) to 130508 KB (2.07 : 1 ratio), 63.35% of previous.
[2026.04.27-01.42.56:596][  0]LogShaderLibrary: Display: Created IoStoreShaderArchive header: shaders grouped in 387 groups (139 of them didn't need new indices), average uncompressed size 175708 bytes, min 249 bytes, max 1040706 bytes (r.ShaderCodeLibrary.MaxShaderGroupSize=1048576)
[2026.04.27-01.42.56:668][  0]LogIoStore: Display: Global-PCD3D_SM5(PCD3D_SM5): Recompressed 4658 shaders as 387 groups. Library size changed from 16034 KB (4.14 : 1 ratio) to 7055 KB (9.41 : 1 ratio), 44.00% of previous.
[2026.04.27-01.42.56:674][  0]LogIoStore: Display: Shaders processed in 2.12 seconds
[2026.04.27-01.42.56:675][  0]LogIoStore: Display: Initialized WriteRequestManager with MaxConcurrentSourceReads=14 (28 cores), MaxSourceBufferMemory=3072MiB
[2026.04.27-01.42.56:676][  0]LogIoStore: Display: Processing redirects...
[2026.04.27-01.42.56:676][  0]LogIoStore: Display: Creating disk layout...
[2026.04.27-01.42.56:677][  0]LogIoStore: Display: Ordered 677 packages using fallback bundle order
[2026.04.27-01.42.56:687][  0]LogIoStore: Display: Serializing container(s)...
[2026.04.27-01.42.57:210][  0]LogIoStore: Display: Writing and compressing took 0.46 seconds, writes to disk took 0.45 seconds for 499,602,800 bytes @ 1,120,647,226 bytes per second.
[2026.04.27-01.42.57:210][  0]LogIoStore: Display: global: Found perfect hashmap for 1 items.
[2026.04.27-01.42.57:210][  0]LogIoStore: Display: Genome_Tracker-Windows: Found perfect hashmap for 2390 items.
[2026.04.27-01.42.57:289][  0]LogIoStore: Display: Finalize took 0.1 seconds for 2 writers to write 295,058 bytes, 3,693,640 bytes per second
[2026.04.27-01.42.57:289][  0]LogIoStore: Display: Writing tocs... [Physical: 1249 MiB, Virtual: 3822 MiB]
[2026.04.27-01.42.57:289][  0]LogIoStore: Display: 183 / 2,391 hashes were loaded from the hash database, by type:
[2026.04.27-01.42.57:289][  0]LogIoStore: Display:     BulkData                   183
[2026.04.27-01.42.57:289][  0]LogIoStore: Display: 860 / 2,391 chunks attempted to compress, by type:
[2026.04.27-01.42.57:289][  0]LogIoStore: Display:     ExportBundleData           677 / 677
[2026.04.27-01.42.57:290][  0]LogIoStore: Display:     BulkData                   183 / 183
[2026.04.27-01.42.57:290][  0]LogIoStore: Display:     ScriptObjects              0 / 1
[2026.04.27-01.42.57:290][  0]LogIoStore: Display:     ContainerHeader            0 / 1
[2026.04.27-01.42.57:290][  0]LogIoStore: Display:     ShaderCodeLibrary          0 / 4
[2026.04.27-01.42.57:290][  0]LogIoStore: Display:     ShaderCode                 0 / 1,525
[2026.04.27-01.42.57:290][  0]LogIoStore: Display: Source bytes read:
[2026.04.27-01.42.57:290][  0]LogIoStore: Display:     Zen:                                  0
[2026.04.27-01.42.57:290][  0]LogIoStore: Display:     Loose File:                 654,836,980
[2026.04.27-01.42.57:290][  0]LogIoStore: Display:         ExportBundleData        365,563,642 bytes over 1,354 reads
[2026.04.27-01.42.57:290][  0]LogIoStore: Display:         BulkData                289,273,338 bytes over 183 reads
[2026.04.27-01.42.57:290][  0]LogIoStore: Display:     Memory:                     322,442,292
[2026.04.27-01.42.57:290][  0]LogIoStore: Display:         ShaderCodeLibrary         1,739,304 bytes over 8 reads
[2026.04.27-01.42.57:290][  0]LogIoStore: Display:         ShaderCode              320,702,988 bytes over 3,050 reads
[2026.04.27-01.42.57:290][  0]LogIoStore: Display: Calculating stats...
[2026.04.27-01.42.57:290][  0]LogIoStore: Display: 
[2026.04.27-01.42.57:290][  0]LogIoStore: Display: Container Summary
[2026.04.27-01.42.57:290][  0]LogIoStore: Display: ==================
[2026.04.27-01.42.57:290][  0]LogIoStore: Display: 
[2026.04.27-01.42.57:290][  0]LogIoStore: Display: Container                                               Flags      Chunk(s) #       TOC (KiB)       Raw Size (MiB)           Size (MiB)
[2026.04.27-01.42.57:290][  0]LogIoStore: Display: ----------------------------------------------------------------------------------------------------------------------------------------------
[2026.04.27-01.42.57:290][  0]LogIoStore: Display: global                                              -/-/-/-/-               1            0.67                 2.52                 2.52 -
[2026.04.27-01.42.57:290][  0]LogIoStore: Display: Genome_Tracker-Windows                              C/-/-/I/-            2390          287.47               606.45               473.94 (21.85% Oodle)
[2026.04.27-01.42.57:290][  0]LogIoStore: Display: ----------------------------------------------------------------------------------------------------------------------------------------------
[2026.04.27-01.42.57:290][  0]LogIoStore: Display: Total                                                                    2391          288.14               608.97               476.46
[2026.04.27-01.42.57:290][  0]LogIoStore: Display: 
[2026.04.27-01.42.57:290][  0]LogIoStore: Display: ** Flags: (C)ompressed / (E)ncrypted / (S)igned) / (I)ndexed) / (O)nDemand **
[2026.04.27-01.42.57:290][  0]LogIoStore: Display: 
[2026.04.27-01.42.57:290][  0]LogIoStore: Display: Compression block padding:     1.77 MiB
[2026.04.27-01.42.57:290][  0]LogIoStore: Display: 
[2026.04.27-01.42.57:290][  0]LogIoStore: Display: Container Directory Index
[2026.04.27-01.42.57:290][  0]LogIoStore: Display: ==========================
[2026.04.27-01.42.57:290][  0]LogIoStore: Display: 
[2026.04.27-01.42.57:290][  0]LogIoStore: Display: Container                                          Size (KiB)
[2026.04.27-01.42.57:290][  0]LogIoStore: Display: ----------------------------------------------------------------------------------------------------------------------------------------------
[2026.04.27-01.42.57:290][  0]LogIoStore: Display: global                                                   0.00
[2026.04.27-01.42.57:290][  0]LogIoStore: Display: Genome_Tracker-Windows                                  40.33
[2026.04.27-01.42.57:290][  0]LogIoStore: Display: 
[2026.04.27-01.42.57:290][  0]LogIoStore: Display: Container Patch Report
[2026.04.27-01.42.57:290][  0]LogIoStore: Display: ========================
[2026.04.27-01.42.57:290][  0]LogIoStore: Display: 
[2026.04.27-01.42.57:290][  0]LogIoStore: Display: Container                                             Total #       Modified #          Added #   Modified (MiB)      Added (MiB)
[2026.04.27-01.42.57:290][  0]LogIoStore: Display: ----------------------------------------------------------------------------------------------------------------------------------------------
[2026.04.27-01.42.57:290][  0]LogIoStore: Display: global                                                      1                0                0             0.00             0.00
[2026.04.27-01.42.57:290][  0]LogIoStore: Display: Genome_Tracker-Windows                                   2390                0             2390             0.00           472.18
[2026.04.27-01.42.57:290][  0]LogIoStore: Display: 
[2026.04.27-01.42.57:290][  0]LogIoStore: Display: PackageStore
[2026.04.27-01.42.57:290][  0]LogIoStore: Display: =============
[2026.04.27-01.42.57:290][  0]LogIoStore: Display: 
[2026.04.27-01.42.57:290][  0]LogIoStore: Display: Container                                          Size (KiB)      Packages #     Localized #
[2026.04.27-01.42.57:290][  0]LogIoStore: Display: ----------------------------------------------------------------------------------------------------------------------------------------------
[2026.04.27-01.42.57:290][  0]LogIoStore: Display: Genome_Tracker-Windows                                     22             677               0
[2026.04.27-01.42.57:290][  0]LogIoStore: Display: ----------------------------------------------------------------------------------------------------------------------------------------------
[2026.04.27-01.42.57:290][  0]LogIoStore: Display: Total                                                      22             677               0
[2026.04.27-01.42.57:290][  0]LogIoStore: Display: 
[2026.04.27-01.42.57:290][  0]LogIoStore: Display: 
[2026.04.27-01.42.57:290][  0]LogIoStore: Display: Input:       677 Packages
[2026.04.27-01.42.57:290][  0]LogIoStore: Display: Input:    174.31 MiB UExp
[2026.04.27-01.42.57:290][  0]LogIoStore: Display: Input:      1.15 MiB UAsset
[2026.04.27-01.42.57:290][  0]LogIoStore: Display: Input:    275.87 MiB UBulk
[2026.04.27-01.42.57:290][  0]LogIoStore: Display: Input:    134.34 MiB for 1109 Global shaders
[2026.04.27-01.42.57:290][  0]LogIoStore: Display: Input:      1.80 MiB for 181 Shared shaders
[2026.04.27-01.42.57:290][  0]LogIoStore: Display: Input:         0   B for 0 Unique shaders
[2026.04.27-01.42.57:290][  0]LogIoStore: Display: Input:     16.79 MiB for 235 Inline shaders
[2026.04.27-01.42.57:290][  0]LogIoStore: Display: 
[2026.04.27-01.42.57:290][  0]LogIoStore: Display: Output:     7092 Name map entries
[2026.04.27-01.42.57:290][  0]LogIoStore: Display: Output:      839 Imported package entries
[2026.04.27-01.42.57:290][  0]LogIoStore: Display: Output:      382 Packages without imports
[2026.04.27-01.42.57:290][  0]LogIoStore: Display: Output:        0 Public runtime script objects
[2026.04.27-01.42.57:294][  0]LogIoStore: Display: Output:   738.63 KiB HeaderData
[2026.04.27-01.42.57:294][  0]LogIoStore: Display: Output:     2.52 MiB InitialLoadData
[2026.04.27-01.42.57:294][  0]LogIoStore: Display: 
[2026.04.27-01.42.57:294][  0]LogIoStore: Display: Success
[2026.04.27-01.42.57:296][  0]LogPakFile: Display: UnrealPak executed in 2.875079 seconds
[2026.04.27-01.42.57:326][  0]LogCore: Engine exit requested (reason: UnrealPak Exiting)
[2026.04.27-01.42.57:326][  0]LogExit: Preparing to exit.
[2026.04.27-01.42.57:327][  0]LogExit: Object subsystem successfully closed.
[2026.04.27-01.42.57:327][  0]LogPakFile: Destroying PakPlatformFile
[2026.04.27-01.42.57:329][  0]LogExit: Exiting.
[2026.04.27-01.42.57:357][  0]Log file closed, 04/26/26 21:42:57
